
<button class="px-4 py-2 self-start text-sm whitespace-nowrap font-medium text-white bg-[#c70f19] border-bottom-[#980b13] hover:bg-[#df111c] hover:border-bottom-[#800a10] rounded-md shadow uppercase"
        >
    Button{tmpl_if name="___" op="!=" value="show-it"}!{/tmpl_if}

    {tmpl_if name="___" op="!=" value="show-it"}
        <span>Welcome</span>
    {/tmpl_if}

    {tmpl_if name="___" op="!=" value="show-it"}
        Override
    {/tmpl_if}

    {tmpl_if name="___" op="==" value="dont-show-it"}
        <span>Online</span>
    {/tmpl_if}

    {tmpl_if name="___" op="!=" value="show-it"}
        <span>Anne</span>
    {/tmpl_if}
    {tmpl_if name="___" op="==" value="dont-show-it"}
        <span>25</span>
    {tmpl_elseif name="___" op="!=" value="show-it"}
        <span>Cool</span>
    {tmpl_else}
        <span>Not cool</span>
    {/tmpl_if}

    {tmpl_unless name="___" }
        <span>Wont Show</span>
    {/tmpl_unless}
</button>
